// Jest Snapshot v1, https://goo.gl/fbAQLP

exports[`JokeForm should match the snapshot 1`] = `
<section
  className="joke-form-wrapper"
>
  <form
    className="joke-form"
  >
    <section
      className="form-category-section"
    >
      <label
        className="form-label"
      >
        Category:
      </label>
      <select
        className="category-select-elem"
        onChange={[Function]}
        value="Any"
      >
        <option
          className="category-options"
          value="Any"
        >
          Any
        </option>
        <option
          className="category-options"
          value="Dark"
        >
          Dark
        </option>
        <option
          className="category-options"
          value="Miscellaneous"
        >
          Miscellaneous
        </option>
      </select>
    </section>
    <section
      className="joke-type-section"
    >
      <label
        className="form-label"
      >
        Type:
      </label>
      <input
        className="input-checkboxes"
        name="type"
        onClick={[Function]}
        type="checkbox"
        value="single"
      />
      <span
        className="checkbox-span"
      >
        Single
      </span>
      <input
        className="input-checkboxes"
        name="type"
        onClick={[Function]}
        type="checkbox"
        value="twopart"
      />
      <span
        className="checkbox-span"
      >
        Two-part
      </span>
    </section>
    <section
      className="joke-flags-section"
    >
      <label
        className="form-label"
      >
        Blacklist Flags(optional):
      </label>
      <input
        className="input-checkboxes"
        name="blacklistFlags"
        onClick={[Function]}
        type="checkbox"
        value="nsfw"
      />
      <span
        className="checkbox-span"
      >
        NSFW
      </span>
      <input
        className="input-checkboxes"
        name="blacklistFlags"
        onClick={[Function]}
        type="checkbox"
        value="religious"
      />
      <span
        className="checkbox-span"
      >
        Religious
      </span>
      <input
        className="input-checkboxes"
        name="blacklistFlags"
        onClick={[Function]}
        type="checkbox"
        value="political"
      />
      <span
        className="checkbox-span"
      >
        Political
      </span>
      <input
        className="input-checkboxes"
        name="blacklistFlags"
        onClick={[Function]}
        type="checkbox"
        value="racist"
      />
      <span
        className="checkbox-span"
      >
        Racist
      </span>
      <input
        className="input-checkboxes"
        name="blacklistFlags"
        onClick={[Function]}
        type="checkbox"
        value="sexist"
      />
      <span
        className="checkbox-span"
      >
        Sexist
      </span>
    </section>
    <section
      className="submit-form-button"
    >
      <button
        className="submit-specifications"
        onClick={[Function]}
        value="getJoke"
      >
        Find Me a Joke!
      </button>
    </section>
  </form>
</section>
`;
